<root level="0">This file has no sections.
</root>
