<root level="0">root section

<section level="1" title="header 1"># header 1

section 1

</section><section level="1" title="header 2"># header 2

section 2

</section><section level="1" title="header 3"># header 3

section 3
</section></root>
